// Vitest Snapshot v1, https://vitest.dev/guide/snapshot.html

exports[`LikeC4ModelBuilder > builds model 1`] = `
{
  "elements": {
    "client": {
      "id": "client",
      "kind": "user",
      "shape": "person",
      "title": "client",
    },
    "system": {
      "id": "system",
      "kind": "component",
      "title": "system",
    },
    "system.backend": {
      "color": "secondary",
      "id": "system.backend",
      "kind": "component",
      "technology": "NodeJS",
      "title": "Backend",
    },
    "system.frontend": {
      "color": "muted",
      "description": "Frontend description",
      "id": "system.frontend",
      "kind": "component",
      "shape": "browser",
      "tags": [
        "deprecated",
      ],
      "title": "frontend",
    },
  },
  "relations": {
    "171cae8ab349b2ef3f3d40f23c7a7fa2d46a2b23": {
      "id": "171cae8ab349b2ef3f3d40f23c7a7fa2d46a2b23",
      "source": "system.frontend",
      "target": "system.backend",
      "title": "requests",
    },
    "6f3533077304f2e812d6c9cfdb6be977e23efe3d": {
      "id": "6f3533077304f2e812d6c9cfdb6be977e23efe3d",
      "source": "client",
      "target": "system.frontend",
      "title": "",
    },
  },
  "views": {},
}
`;

exports[`LikeC4ModelBuilder > builds model with extend 1`] = `
{
  "elements": {
    "client": {
      "id": "client",
      "kind": "user",
      "title": "client",
    },
    "system": {
      "id": "system",
      "kind": "component",
      "title": "system",
    },
    "system.backend": {
      "id": "system.backend",
      "kind": "component",
      "title": "backend",
    },
    "system.backend.api": {
      "id": "system.backend.api",
      "kind": "component",
      "title": "api",
    },
    "system.frontend": {
      "id": "system.frontend",
      "kind": "component",
      "title": "frontend",
    },
  },
  "relations": {
    "671e3db5eb605d5f245f247d95925bd0953e0e4c": {
      "id": "671e3db5eb605d5f245f247d95925bd0953e0e4c",
      "source": "system.frontend",
      "target": "system.backend.api",
      "title": "requests",
    },
    "99bffdfd5c78e024393e6223cd9b19225321a5e3": {
      "id": "99bffdfd5c78e024393e6223cd9b19225321a5e3",
      "source": "client",
      "target": "system.frontend",
      "title": "opens",
    },
  },
  "views": {
    "74f5364fa4b064ce9830043b93d4cc6fce9d85b0": {
      "edges": [
        {
          "id": "system.frontend:system.backend",
          "label": "requests",
          "parent": null,
          "relations": [
            "671e3db5eb605d5f245f247d95925bd0953e0e4c",
          ],
          "source": "system.frontend",
          "target": "system.backend",
        },
        {
          "id": "client:system.frontend",
          "label": "opens",
          "parent": null,
          "relations": [
            "99bffdfd5c78e024393e6223cd9b19225321a5e3",
          ],
          "source": "client",
          "target": "system.frontend",
        },
      ],
      "id": "74f5364fa4b064ce9830043b93d4cc6fce9d85b0",
      "nodes": [
        {
          "children": [],
          "color": "primary",
          "id": "client",
          "parent": null,
          "shape": "rectangle",
          "title": "client",
        },
        {
          "children": [],
          "color": "primary",
          "id": "system.backend",
          "parent": null,
          "shape": "rectangle",
          "title": "backend",
        },
        {
          "children": [],
          "color": "primary",
          "id": "system.frontend",
          "parent": null,
          "shape": "rectangle",
          "title": "frontend",
        },
      ],
      "rules": [
        {
          "exprs": [
            {
              "wildcard": true,
            },
          ],
          "isInclude": true,
        },
      ],
      "title": "frontend",
      "viewOf": "system.frontend",
    },
    "index": {
      "edges": [
        {
          "id": "client:system",
          "label": "opens",
          "parent": null,
          "relations": [
            "99bffdfd5c78e024393e6223cd9b19225321a5e3",
          ],
          "source": "client",
          "target": "system",
        },
      ],
      "id": "index",
      "nodes": [
        {
          "children": [],
          "color": "primary",
          "id": "client",
          "parent": null,
          "shape": "rectangle",
          "title": "client",
        },
        {
          "children": [],
          "color": "primary",
          "id": "system",
          "parent": null,
          "shape": "rectangle",
          "title": "system",
        },
      ],
      "rules": [
        {
          "exprs": [
            {
              "wildcard": true,
            },
          ],
          "isInclude": true,
        },
      ],
      "title": "Index",
    },
    "v1": {
      "edges": [
        {
          "id": "system.frontend:system.backend.api",
          "label": "requests",
          "parent": null,
          "relations": [
            "671e3db5eb605d5f245f247d95925bd0953e0e4c",
          ],
          "source": "system.frontend",
          "target": "system.backend.api",
        },
      ],
      "id": "v1",
      "nodes": [
        {
          "children": [],
          "color": "primary",
          "id": "system.frontend",
          "navigateTo": "74f5364fa4b064ce9830043b93d4cc6fce9d85b0",
          "parent": null,
          "shape": "rectangle",
          "title": "frontend",
        },
        {
          "children": [],
          "color": "primary",
          "id": "system.backend.api",
          "parent": null,
          "shape": "rectangle",
          "title": "api",
        },
      ],
      "rules": [
        {
          "exprs": [
            {
              "wildcard": true,
            },
          ],
          "isInclude": true,
        },
      ],
      "title": "api",
      "viewOf": "system.backend.api",
    },
  },
}
`;
